<?xml version="1.0" encoding="UTF-8"?>
<dataset>
<userentity active="true" email="bla3@foo.bar"
    encryptedpassword="134" name="Foo Bar3" />
</dataset>
