<?xml version="1.0" encoding="UTF-8"?>
<dataset>
	<todolist active="true" todolistname="todoitem.a" />
	<todolist active="true" todolistname="bla" />
	<todoitem active="true" value="do something"/>
	<todoitem active="true" value="do something else"/>
	<todoitem active="true" value="something"/>
</dataset>
